submodules/rtl_common_design/modules/synchronizers/io/rtl/io_synchronizer_core.sv
submodules/rtl_common_design/modules/synchronizers/io/rtl/io_synchronizer.sv
submodules/rtl_common_design/modules/synchronizers/reset/rtl/reset_synchronizer_core.sv
submodules/rtl_common_design/modules/synchronizers/reset/rtl/reset_synchronizer.sv
submodules/rtl_common_design/modules/synchronizers/cdc_bit_sync/rtl/cdc_bit_sync_core.sv
submodules/rtl_common_design/modules/synchronizers/cdc_bit_sync/rtl/cdc_bit_sync.sv
submodules/rtl_common_design/modules/synchronizers/cdc_vector_sync/rtl/cdc_vector_sync.sv
submodules/rtl_common_design/modules/mechanics/button/rtl/button_core.sv
submodules/rtl_common_design/modules/axi4_write_arbiter/rtl/axi4_write_arbiter.sv
submodules/rtl_common_design/modules/axi4_read_arbiter/rtl/axi4_read_arbiter.sv
submodules/rtl_common_design/modules/memory/reg/rtl/reg_sp_rf.sv
submodules/rtl_common_design/modules/fifo/synchronous_fifo/rtl/synchronous_fifo_register.sv
submodules/rtl_common_design/modules/fifo/synchronous_fifo/rtl/synchronous_fifo.sv
submodules/rtl_common_design/modules/math/multiplication/rtl/dsp48_nq_multiplier.sv
submodules/rtl_common_design/modules/mixer/rtl/mixer.sv
components/arty_z7_buttons/rtl/buttons_top.sv
components/cs5343/rtl/cs5343_car.sv
components/cs5343/rtl/cs5343_i2s2.sv
components/cs5343/rtl/cs5343_top.sv
projects/vivado_script_project/rtl/register_axi_slave.sv
projects/vivado_script_project/rtl/project_top.sv
